../Core/Src/main.c:78:13:network_init	88	static
../Core/Src/main.c:117:12:ai_run	40	static
../Core/Src/main.c:150:12:ai_run_with_conf	16	static
../Core/Src/main.c:158:13:capture_frame_bbox_to_mnist	152	static
../Core/Src/main.c:219:13:draw_ui_init	8	static
../Core/Src/main.c:258:13:Error_Display	16	static
../Core/Src/main.c:325:5:main	976	static
../Core/Src/main.c:513:6:SystemClock_Config	88	static
../Core/Src/main.c:567:13:MX_CRC_Init	8	static
../Core/Src/main.c:593:13:MX_DMA2D_Init	8	static
../Core/Src/main.c:630:13:MX_DSIHOST_DSI_Init	192	static
../Core/Src/main.c:737:13:MX_I2C1_Init	8	static
../Core/Src/main.c:771:13:MX_LTDC_Init	64	static
../Core/Src/main.c:829:13:MX_FMC_Init	40	static
../Core/Src/main.c:880:13:MX_GPIO_Init	40	static
../Core/Src/main.c:908:6:Error_Handler	8	static,ignoring_inline_asm
