../Drivers/BSP/STM32469I-Discovery/stm32469i_discovery_lcd.c:166:9:BSP_LCD_Init	8	static
../Drivers/BSP/STM32469I-Discovery/stm32469i_discovery_lcd.c:180:9:BSP_LCD_InitEx	96	static
../Drivers/BSP/STM32469I-Discovery/stm32469i_discovery_lcd.c:419:6:BSP_LCD_Reset	32	static
../Drivers/BSP/STM32469I-Discovery/stm32469i_discovery_lcd.c:462:10:BSP_LCD_GetXSize	4	static
../Drivers/BSP/STM32469I-Discovery/stm32469i_discovery_lcd.c:471:10:BSP_LCD_GetYSize	4	static
../Drivers/BSP/STM32469I-Discovery/stm32469i_discovery_lcd.c:480:6:BSP_LCD_SetXSize	16	static
../Drivers/BSP/STM32469I-Discovery/stm32469i_discovery_lcd.c:489:6:BSP_LCD_SetYSize	16	static
../Drivers/BSP/STM32469I-Discovery/stm32469i_discovery_lcd.c:500:6:BSP_LCD_LayerDefaultInit	72	static
../Drivers/BSP/STM32469I-Discovery/stm32469i_discovery_lcd.c:533:6:BSP_LCD_SelectLayer	16	static
../Drivers/BSP/STM32469I-Discovery/stm32469i_discovery_lcd.c:546:6:BSP_LCD_SetLayerVisible	16	static
../Drivers/BSP/STM32469I-Discovery/stm32469i_discovery_lcd.c:566:6:BSP_LCD_SetTransparency	16	static
../Drivers/BSP/STM32469I-Discovery/stm32469i_discovery_lcd.c:578:6:BSP_LCD_SetLayerAddress	16	static
../Drivers/BSP/STM32469I-Discovery/stm32469i_discovery_lcd.c:593:6:BSP_LCD_SetLayerWindow	24	static
../Drivers/BSP/STM32469I-Discovery/stm32469i_discovery_lcd.c:608:6:BSP_LCD_SetColorKeying	16	static
../Drivers/BSP/STM32469I-Discovery/stm32469i_discovery_lcd.c:619:6:BSP_LCD_ResetColorKeying	16	static
../Drivers/BSP/STM32469I-Discovery/stm32469i_discovery_lcd.c:629:6:BSP_LCD_SetTextColor	16	static
../Drivers/BSP/STM32469I-Discovery/stm32469i_discovery_lcd.c:638:10:BSP_LCD_GetTextColor	4	static
../Drivers/BSP/STM32469I-Discovery/stm32469i_discovery_lcd.c:647:6:BSP_LCD_SetBackColor	16	static
../Drivers/BSP/STM32469I-Discovery/stm32469i_discovery_lcd.c:656:10:BSP_LCD_GetBackColor	4	static
../Drivers/BSP/STM32469I-Discovery/stm32469i_discovery_lcd.c:665:6:BSP_LCD_SetFont	16	static
../Drivers/BSP/STM32469I-Discovery/stm32469i_discovery_lcd.c:674:8:BSP_LCD_GetFont	4	static
../Drivers/BSP/STM32469I-Discovery/stm32469i_discovery_lcd.c:685:10:BSP_LCD_ReadPixel	32	static
../Drivers/BSP/STM32469I-Discovery/stm32469i_discovery_lcd.c:719:6:BSP_LCD_Clear	40	static
../Drivers/BSP/STM32469I-Discovery/stm32469i_discovery_lcd.c:729:6:BSP_LCD_ClearStringLine	32	static
../Drivers/BSP/STM32469I-Discovery/stm32469i_discovery_lcd.c:748:6:BSP_LCD_DisplayChar	24	static
../Drivers/BSP/STM32469I-Discovery/stm32469i_discovery_lcd.c:765:6:BSP_LCD_DisplayStringAt	48	static
../Drivers/BSP/STM32469I-Discovery/stm32469i_discovery_lcd.c:827:6:BSP_LCD_DisplayStringAtLine	16	static
../Drivers/BSP/STM32469I-Discovery/stm32469i_discovery_lcd.c:838:6:BSP_LCD_DrawHLine	40	static
../Drivers/BSP/STM32469I-Discovery/stm32469i_discovery_lcd.c:855:6:BSP_LCD_DrawVLine	48	static
../Drivers/BSP/STM32469I-Discovery/stm32469i_discovery_lcd.c:873:6:BSP_LCD_DrawLine	56	static
../Drivers/BSP/STM32469I-Discovery/stm32469i_discovery_lcd.c:947:6:BSP_LCD_DrawRect	24	static
../Drivers/BSP/STM32469I-Discovery/stm32469i_discovery_lcd.c:964:6:BSP_LCD_DrawCircle	40	static
../Drivers/BSP/STM32469I-Discovery/stm32469i_discovery_lcd.c:1010:6:BSP_LCD_DrawPolygon	32	static
../Drivers/BSP/STM32469I-Discovery/stm32469i_discovery_lcd.c:1037:6:BSP_LCD_DrawEllipse	64	static
../Drivers/BSP/STM32469I-Discovery/stm32469i_discovery_lcd.c:1069:6:BSP_LCD_DrawBitmap	56	static
../Drivers/BSP/STM32469I-Discovery/stm32469i_discovery_lcd.c:1126:6:BSP_LCD_FillRect	48	static
../Drivers/BSP/STM32469I-Discovery/stm32469i_discovery_lcd.c:1146:6:BSP_LCD_FillCircle	32	static
../Drivers/BSP/STM32469I-Discovery/stm32469i_discovery_lcd.c:1193:6:BSP_LCD_FillPolygon	64	static
../Drivers/BSP/STM32469I-Discovery/stm32469i_discovery_lcd.c:1260:6:BSP_LCD_FillEllipse	56	static
../Drivers/BSP/STM32469I-Discovery/stm32469i_discovery_lcd.c:1290:6:BSP_LCD_DisplayOn	16	static
../Drivers/BSP/STM32469I-Discovery/stm32469i_discovery_lcd.c:1305:6:BSP_LCD_DisplayOff	16	static
../Drivers/BSP/STM32469I-Discovery/stm32469i_discovery_lcd.c:1323:6:DSI_IO_WriteCmd	24	static
../Drivers/BSP/STM32469I-Discovery/stm32469i_discovery_lcd.c:1342:9:DSI_IO_ReadCmd	48	static
../Drivers/BSP/STM32469I-Discovery/stm32469i_discovery_lcd.c:1361:13:BSP_LCD_DMA2D_IRQHandler	8	static
../Drivers/BSP/STM32469I-Discovery/stm32469i_discovery_lcd.c:1370:13:BSP_LCD_DSI_IRQHandler	8	static
../Drivers/BSP/STM32469I-Discovery/stm32469i_discovery_lcd.c:1380:13:BSP_LCD_LTDC_IRQHandler	8	static
../Drivers/BSP/STM32469I-Discovery/stm32469i_discovery_lcd.c:1389:13:BSP_LCD_MspDeInit	8	static
../Drivers/BSP/STM32469I-Discovery/stm32469i_discovery_lcd.c:1415:13:BSP_LCD_MspInit	24	static
../Drivers/BSP/STM32469I-Discovery/stm32469i_discovery_lcd.c:1456:13:BSP_LCD_LTDC_ER_IRQHandler	8	static
../Drivers/BSP/STM32469I-Discovery/stm32469i_discovery_lcd.c:1468:6:BSP_LCD_DrawPixel	24	static
../Drivers/BSP/STM32469I-Discovery/stm32469i_discovery_lcd.c:1481:13:DrawChar	40	static
../Drivers/BSP/STM32469I-Discovery/stm32469i_discovery_lcd.c:1539:13:FillTriangle	56	static
../Drivers/BSP/STM32469I-Discovery/stm32469i_discovery_lcd.c:1616:13:LL_FillBuffer	32	static
../Drivers/BSP/STM32469I-Discovery/stm32469i_discovery_lcd.c:1646:13:LL_ConvertLineToARGB8888	32	static
../Drivers/BSP/STM32469I-Discovery/stm32469i_discovery_lcd.c:1679:27:LCD_ReadType	24	static
