../Drivers/BSP/STM32469I-Discovery/stm32469i_discovery.c:151:10:BSP_GetVersion	4	static
../Drivers/BSP/STM32469I-Discovery/stm32469i_discovery.c:165:6:BSP_LED_Init	56	static
../Drivers/BSP/STM32469I-Discovery/stm32469i_discovery.c:216:6:BSP_LED_DeInit	40	static
../Drivers/BSP/STM32469I-Discovery/stm32469i_discovery.c:241:6:BSP_LED_On	16	static
../Drivers/BSP/STM32469I-Discovery/stm32469i_discovery.c:259:6:BSP_LED_Off	16	static
../Drivers/BSP/STM32469I-Discovery/stm32469i_discovery.c:276:6:BSP_LED_Toggle	16	static
../Drivers/BSP/STM32469I-Discovery/stm32469i_discovery.c:296:6:BSP_PB_Init	40	static
../Drivers/BSP/STM32469I-Discovery/stm32469i_discovery.c:338:6:BSP_PB_DeInit	40	static
../Drivers/BSP/STM32469I-Discovery/stm32469i_discovery.c:356:10:BSP_PB_GetState	16	static
../Drivers/BSP/STM32469I-Discovery/stm32469i_discovery.c:378:13:I2C1_MspInit	40	static
../Drivers/BSP/STM32469I-Discovery/stm32469i_discovery.c:438:13:I2C2_MspInit	40	static
../Drivers/BSP/STM32469I-Discovery/stm32469i_discovery.c:480:13:I2C1_Init	8	static
../Drivers/BSP/STM32469I-Discovery/stm32469i_discovery.c:503:13:I2C2_Init	8	static
../Drivers/BSP/STM32469I-Discovery/stm32469i_discovery.c:529:13:I2C1_Write	40	static
../Drivers/BSP/STM32469I-Discovery/stm32469i_discovery.c:555:16:I2C1_Read	40	static
../Drivers/BSP/STM32469I-Discovery/stm32469i_discovery.c:586:26:I2C1_ReadMultiple	48	static
../Drivers/BSP/STM32469I-Discovery/stm32469i_discovery.c:611:26:I2C2_ReadMultiple	48	static
../Drivers/BSP/STM32469I-Discovery/stm32469i_discovery.c:645:26:I2C1_WriteMultiple	48	static
../Drivers/BSP/STM32469I-Discovery/stm32469i_discovery.c:670:26:I2C2_WriteMultiple	48	static
../Drivers/BSP/STM32469I-Discovery/stm32469i_discovery.c:702:26:I2C1_IsDeviceReady	16	static
../Drivers/BSP/STM32469I-Discovery/stm32469i_discovery.c:711:13:I2C1_Error	16	static
../Drivers/BSP/STM32469I-Discovery/stm32469i_discovery.c:720:13:I2C2_Error	16	static
../Drivers/BSP/STM32469I-Discovery/stm32469i_discovery.c:742:6:AUDIO_IO_Init	8	static
../Drivers/BSP/STM32469I-Discovery/stm32469i_discovery.c:750:6:AUDIO_IO_DeInit	4	static
../Drivers/BSP/STM32469I-Discovery/stm32469i_discovery.c:761:6:AUDIO_IO_Write	24	static
../Drivers/BSP/STM32469I-Discovery/stm32469i_discovery.c:772:9:AUDIO_IO_Read	32	static
../Drivers/BSP/STM32469I-Discovery/stm32469i_discovery.c:785:6:AUDIO_IO_Delay	16	static
../Drivers/BSP/STM32469I-Discovery/stm32469i_discovery.c:795:6:EEPROM_IO_Init	8	static
../Drivers/BSP/STM32469I-Discovery/stm32469i_discovery.c:808:19:EEPROM_IO_WriteData	32	static
../Drivers/BSP/STM32469I-Discovery/stm32469i_discovery.c:821:19:EEPROM_IO_ReadData	32	static
../Drivers/BSP/STM32469I-Discovery/stm32469i_discovery.c:833:19:EEPROM_IO_IsDeviceReady	16	static
../Drivers/BSP/STM32469I-Discovery/stm32469i_discovery.c:844:6:TS_IO_Init	8	static
../Drivers/BSP/STM32469I-Discovery/stm32469i_discovery.c:856:6:TS_IO_Write	16	static
../Drivers/BSP/STM32469I-Discovery/stm32469i_discovery.c:868:9:TS_IO_Read	16	static
../Drivers/BSP/STM32469I-Discovery/stm32469i_discovery.c:882:10:TS_IO_ReadMultiple	24	static
../Drivers/BSP/STM32469I-Discovery/stm32469i_discovery.c:895:6:TS_IO_WriteMultiple	24	static
../Drivers/BSP/STM32469I-Discovery/stm32469i_discovery.c:904:6:TS_IO_Delay	16	static
../Drivers/BSP/STM32469I-Discovery/stm32469i_discovery.c:914:6:OTM8009A_IO_Delay	16	static
../Drivers/BSP/STM32469I-Discovery/stm32469i_discovery.c:924:6:NT35510_IO_Delay	16	static
