../Drivers/BSP/STM32469I-Discovery/stm32469i_discovery_sdram.c:131:9:BSP_SDRAM_Init	8	static
../Drivers/BSP/STM32469I-Discovery/stm32469i_discovery_sdram.c:180:9:BSP_SDRAM_DeInit	8	static
../Drivers/BSP/STM32469I-Discovery/stm32469i_discovery_sdram.c:203:6:BSP_SDRAM_Initialization_sequence	24	static
../Drivers/BSP/STM32469I-Discovery/stm32469i_discovery_sdram.c:265:9:BSP_SDRAM_ReadData	24	static
../Drivers/BSP/STM32469I-Discovery/stm32469i_discovery_sdram.c:284:9:BSP_SDRAM_ReadData_DMA	24	static
../Drivers/BSP/STM32469I-Discovery/stm32469i_discovery_sdram.c:303:9:BSP_SDRAM_WriteData	24	static
../Drivers/BSP/STM32469I-Discovery/stm32469i_discovery_sdram.c:322:9:BSP_SDRAM_WriteData_DMA	24	static
../Drivers/BSP/STM32469I-Discovery/stm32469i_discovery_sdram.c:339:9:BSP_SDRAM_Sendcmd	16	static
../Drivers/BSP/STM32469I-Discovery/stm32469i_discovery_sdram.c:354:6:BSP_SDRAM_DMA_IRQHandler	8	static
../Drivers/BSP/STM32469I-Discovery/stm32469i_discovery_sdram.c:365:13:BSP_SDRAM_MspInit	72	static
../Drivers/BSP/STM32469I-Discovery/stm32469i_discovery_sdram.c:472:13:BSP_SDRAM_MspDeInit	16	static
